---
source: tests/cli.rs
expression: json
---
{
  "type": "record",
  "name": "document",
  "namespace": "basic_string_schema",
  "fields": [
    {
      "name": "name",
      "type": "string"
    }
  ]
}
