---
source: tests/cli.rs
expression: json
---
{
  "type": "record",
  "name": "document",
  "namespace": "object_with_map_of_records",
  "fields": [
    {
      "name": "document",
      "type": "object_with_map_of_records.document"
    }
  ]
}
